// Jest Snapshot v1, https://goo.gl/fbAQLP

exports[`IconButton renders correctly 1`] = `
<TouchableOpacity
  activeOpacity={0.8}
  onPress={[Function]}
  style={
    Object {
      "alignItems": "center",
      "borderColor": "black",
      "borderRadius": 10,
      "borderWidth": 2,
      "elevation": 4,
      "height": 100,
      "justifyContent": "center",
      "padding": 10,
      "shadowColor": "rgba(79, 108, 141, 0.5)",
      "shadowOffset": Object {
        "height": 8,
      },
      "shadowOpacity": 0.8,
      "shadowRadius": 6,
      "width": 100,
    }
  }
>
  <Text
    accessible={true}
    allowFontScaling={true}
    ellipsizeMode="tail"
  />
</TouchableOpacity>
`;
