// Jest Snapshot v1, https://goo.gl/fbAQLP

exports[`Separator renders correctly 1`] = `
<View
  style={
    Object {
      "backgroundColor": "black",
      "height": 0.5,
      "marginHorizontal": 20,
    }
  }
/>
`;
