// Jest Snapshot v1, https://goo.gl/fbAQLP

exports[`AssessmentScreen renders correctly 1`] = `
<View
  style={
    Object {
      "alignItems": "center",
      "flex": 1,
      "justifyContent": "center",
    }
  }
>
  <TouchableOpacity
    activeOpacity={0.2}
    onPress={[Function]}
    style={
      Object {
        "borderColor": "black",
        "borderRadius": 10,
        "borderWidth": 2,
        "marginBottom": 10,
        "padding": 10,
      }
    }
  >
    <Text
      accessible={true}
      allowFontScaling={true}
      ellipsizeMode="tail"
    >
      You have undefined job matches!
    </Text>
  </TouchableOpacity>
  <IconButton
    onPress={[Function]}
    title="Start"
  >
    <Icon
      allowFontScaling={false}
      name="text-document"
      size={25}
    />
  </IconButton>
</View>
`;
