// Jest Snapshot v1, https://goo.gl/fbAQLP

exports[`SearchInput renders correctly 1`] = `
<View
  style={
    Object {
      "backgroundColor": "white",
      "borderColor": "#d6d7da",
      "borderRadius": 4,
      "borderWidth": 0.5,
      "padding": 10,
      "width": "100%",
      "zIndex": 1,
    }
  }
>
  <TextInput
    allowFontScaling={true}
    onChangeText={[Function]}
    placeholder="Search"
    style={
      Object {
        "fontSize": 20,
      }
    }
    value=""
  />
  <View
    style={
      Object {
        "backgroundColor": "white",
        "flex": 1,
        "left": 0,
        "position": "absolute",
        "right": 0,
        "top": 50,
      }
    }
  >
    <FlatList
      data={Array []}
      disableVirtualization={false}
      horizontal={false}
      initialNumToRender={10}
      keyExtractor={[Function]}
      maxToRenderPerBatch={10}
      numColumns={1}
      onEndReachedThreshold={2}
      renderItem={[Function]}
      scrollEventThrottle={50}
      updateCellsBatchingPeriod={50}
      windowSize={21}
    />
  </View>
</View>
`;
